Archive member included because of file (symbol)

c:/atmel/winavr/bin/../lib/gcc/avr/4.3.2/avr51\libgcc.a(_mulsi3.o)
                              ./arduino/wiring_pulse.o (__mulsi3)
c:/atmel/winavr/bin/../lib/gcc/avr/4.3.2/avr51\libgcc.a(_exit.o)
                              c:/atmel/winavr/bin/../lib/gcc/avr/4.3.2/../../../../avr/lib/avr51/crtm1281.o (exit)
c:/atmel/winavr/bin/../lib/gcc/avr/4.3.2/avr51\libgcc.a(_clear_bss.o)
                              ./arduino/WInterrupts.o (__do_clear_bss)

Memory Configuration

Name             Origin             Length             Attributes
text             0x00000000         0x00020000         xr
data             0x00800060         0x0000ffa0         rw !x
eeprom           0x00810000         0x00010000         rw !x
fuse             0x00820000         0x00000400         rw !x
lock             0x00830000         0x00000400         rw !x
signature        0x00840000         0x00000400         rw !x
*default*        0x00000000         0xffffffff

Linker script and memory map

Address of section .data set to 0x800200
LOAD c:/atmel/winavr/bin/../lib/gcc/avr/4.3.2/../../../../avr/lib/avr51/crtm1281.o
LOAD ./arduino/WInterrupts.o
LOAD ./arduino/main.o
LOAD ./arduino/pins_arduino.o
LOAD ./arduino/wiring.o
LOAD ./arduino/wiring_analog.o
LOAD ./arduino/wiring_digital.o
LOAD ./arduino/wiring_pulse.o
LOAD ./arduino/wiring_shift.o
LOAD c:/atmel/winavr/bin/../lib/gcc/avr/4.3.2/avr51\libgcc.a
LOAD c:/atmel/winavr/bin/../lib/gcc/avr/4.3.2/../../../../avr/lib/avr51\libc.a
LOAD c:/atmel/winavr/bin/../lib/gcc/avr/4.3.2/avr51\libgcc.a

.hash
 *(.hash)

.dynsym
 *(.dynsym)

.dynstr
 *(.dynstr)

.gnu.version
 *(.gnu.version)

.gnu.version_d
 *(.gnu.version_d)

.gnu.version_r
 *(.gnu.version_r)

.rel.init
 *(.rel.init)

.rela.init
 *(.rela.init)

.rel.text
 *(.rel.text)
 *(.rel.text.*)
 *(.rel.gnu.linkonce.t*)

.rela.text
 *(.rela.text)
 *(.rela.text.*)
 *(.rela.gnu.linkonce.t*)

.rel.fini
 *(.rel.fini)

.rela.fini
 *(.rela.fini)

.rel.rodata
 *(.rel.rodata)
 *(.rel.rodata.*)
 *(.rel.gnu.linkonce.r*)

.rela.rodata
 *(.rela.rodata)
 *(.rela.rodata.*)
 *(.rela.gnu.linkonce.r*)

.rel.data
 *(.rel.data)
 *(.rel.data.*)
 *(.rel.gnu.linkonce.d*)

.rela.data
 *(.rela.data)
 *(.rela.data.*)
 *(.rela.gnu.linkonce.d*)

.rel.ctors
 *(.rel.ctors)

.rela.ctors
 *(.rela.ctors)

.rel.dtors
 *(.rel.dtors)

.rela.dtors
 *(.rela.dtors)

.rel.got
 *(.rel.got)

.rela.got
 *(.rela.got)

.rel.bss
 *(.rel.bss)

.rela.bss
 *(.rela.bss)

.rel.plt
 *(.rel.plt)

.rela.plt
 *(.rela.plt)

.text           0x00000000      0x986
 *(.vectors)
 .vectors       0x00000000       0xcc c:/atmel/winavr/bin/../lib/gcc/avr/4.3.2/../../../../avr/lib/avr51/crtm1281.o
                0x00000000                __vectors
                0x00000000                __vector_default
 *(.vectors)
 *(.progmem.gcc*)
 *(.progmem*)
 .progmem.data  0x000000cc       0xd8 ./arduino/pins_arduino.o
                0x000000cc                port_to_mode_PGM
                0x000000fc                digital_pin_to_port_PGM
                0x00000134                digital_pin_to_bit_mask_PGM
                0x000000dc                port_to_output_PGM
                0x000000ec                port_to_input_PGM
                0x0000016c                digital_pin_to_timer_PGM
                0x000001a4                . = ALIGN (0x2)
                0x000001a4                __trampolines_start = .
 *(.trampolines)
 .trampolines   0x000001a4        0x0 linker stubs
 *(.trampolines*)
                0x000001a4                __trampolines_end = .
 *(.jumptables)
 *(.jumptables*)
 *(.lowtext)
 *(.lowtext*)
                0x000001a4                __ctors_start = .
 *(.ctors)
                0x000001a4                __ctors_end = .
                0x000001a4                __dtors_start = .
 *(.dtors)
                0x000001a4                __dtors_end = .
 SORT(*)(.ctors)
 SORT(*)(.dtors)
 *(.init0)
 .init0         0x000001a4        0x0 c:/atmel/winavr/bin/../lib/gcc/avr/4.3.2/../../../../avr/lib/avr51/crtm1281.o
                0x000001a4                __init
 *(.init0)
 *(.init1)
 *(.init1)
 *(.init2)
 .init2         0x000001a4        0xc c:/atmel/winavr/bin/../lib/gcc/avr/4.3.2/../../../../avr/lib/avr51/crtm1281.o
 *(.init2)
 *(.init3)
 *(.init3)
 *(.init4)
 .init4         0x000001b0       0x1a c:/atmel/winavr/bin/../lib/gcc/avr/4.3.2/../../../../avr/lib/avr51/crtm1281.o
                0x000001b0                __do_copy_data
 .init4         0x000001ca       0x10 c:/atmel/winavr/bin/../lib/gcc/avr/4.3.2/avr51\libgcc.a(_clear_bss.o)
                0x000001ca                __do_clear_bss
 *(.init4)
 *(.init5)
 *(.init5)
 *(.init6)
 *(.init6)
 *(.init7)
 *(.init7)
 *(.init8)
 *(.init8)
 *(.init9)
 .init9         0x000001da        0x8 c:/atmel/winavr/bin/../lib/gcc/avr/4.3.2/../../../../avr/lib/avr51/crtm1281.o
 *(.init9)
 *(.text)
 .text          0x000001e2        0x4 c:/atmel/winavr/bin/../lib/gcc/avr/4.3.2/../../../../avr/lib/avr51/crtm1281.o
                0x000001e2                __vector_38
                0x000001e2                __vector_22
                0x000001e2                __vector_28
                0x000001e2                __vector_32
                0x000001e2                __vector_34
                0x000001e2                __vector_24
                0x000001e2                __vector_12
                0x000001e2                __vector_46
                0x000001e2                __bad_interrupt
                0x000001e2                __vector_6
                0x000001e2                __vector_31
                0x000001e2                __vector_35
                0x000001e2                __vector_39
                0x000001e2                __vector_3
                0x000001e2                __vector_30
                0x000001e2                __vector_45
                0x000001e2                __vector_25
                0x000001e2                __vector_11
                0x000001e2                __vector_13
                0x000001e2                __vector_17
                0x000001e2                __vector_19
                0x000001e2                __vector_7
                0x000001e2                __vector_49
                0x000001e2                __vector_41
                0x000001e2                __vector_43
                0x000001e2                __vector_27
                0x000001e2                __vector_5
                0x000001e2                __vector_33
                0x000001e2                __vector_47
                0x000001e2                __vector_37
                0x000001e2                __vector_4
                0x000001e2                __vector_44
                0x000001e2                __vector_9
                0x000001e2                __vector_21
                0x000001e2                __vector_15
                0x000001e2                __vector_36
                0x000001e2                __vector_29
                0x000001e2                __vector_40
                0x000001e2                __vector_8
                0x000001e2                __vector_26
                0x000001e2                __vector_48
                0x000001e2                __vector_14
                0x000001e2                __vector_10
                0x000001e2                __vector_50
                0x000001e2                __vector_16
                0x000001e2                __vector_18
                0x000001e2                __vector_20
                0x000001e2                __vector_42
 .text          0x000001e6      0x130 ./arduino/WInterrupts.o
                0x00000252                __vector_1
                0x000001e6                attachInterrupt
                0x0000022c                detachInterrupt
                0x000002b4                __vector_2
 .text          0x00000316        0xa ./arduino/main.o
                0x00000318                loop
                0x0000031a                main
                0x00000316                setup
 .text          0x00000320        0x0 ./arduino/pins_arduino.o
 .text          0x00000320      0x1e8 ./arduino/wiring.o
                0x00000320                __vector_23
                0x00000494                init
                0x000003cc                micros
                0x00000424                delay
                0x000003b0                millis
                0x00000478                delayMicroseconds
 .text          0x00000508      0x10e ./arduino/wiring_analog.o
                0x0000054a                analogWrite
                0x00000508                analogReference
                0x0000050e                analogRead
 .text          0x00000616      0x192 ./arduino/wiring_digital.o
                0x000006fa                digitalRead
                0x00000656                digitalWrite
                0x00000616                pinMode
 .text          0x000007a8      0x110 ./arduino/wiring_pulse.o
                0x000007a8                pulseIn
 .text          0x000008b8       0x8c ./arduino/wiring_shift.o
                0x000008b8                shiftOut
 .text          0x00000944        0x0 c:/atmel/winavr/bin/../lib/gcc/avr/4.3.2/avr51\libgcc.a(_mulsi3.o)
 .text          0x00000944        0x0 c:/atmel/winavr/bin/../lib/gcc/avr/4.3.2/avr51\libgcc.a(_exit.o)
 .text          0x00000944        0x0 c:/atmel/winavr/bin/../lib/gcc/avr/4.3.2/avr51\libgcc.a(_clear_bss.o)
                0x00000944                . = ALIGN (0x2)
 *(.text.*)
 .text.libgcc   0x00000944       0x3e c:/atmel/winavr/bin/../lib/gcc/avr/4.3.2/avr51\libgcc.a(_mulsi3.o)
                0x00000944                __mulsi3
 .text.libgcc   0x00000982        0x0 c:/atmel/winavr/bin/../lib/gcc/avr/4.3.2/avr51\libgcc.a(_exit.o)
 .text.libgcc   0x00000982        0x0 c:/atmel/winavr/bin/../lib/gcc/avr/4.3.2/avr51\libgcc.a(_clear_bss.o)
                0x00000982                . = ALIGN (0x2)
 *(.fini9)
 .fini9         0x00000982        0x0 c:/atmel/winavr/bin/../lib/gcc/avr/4.3.2/avr51\libgcc.a(_exit.o)
                0x00000982                exit
                0x00000982                _exit
 *(.fini9)
 *(.fini8)
 *(.fini8)
 *(.fini7)
 *(.fini7)
 *(.fini6)
 *(.fini6)
 *(.fini5)
 *(.fini5)
 *(.fini4)
 *(.fini4)
 *(.fini3)
 *(.fini3)
 *(.fini2)
 *(.fini2)
 *(.fini1)
 *(.fini1)
 *(.fini0)
 .fini0         0x00000982        0x4 c:/atmel/winavr/bin/../lib/gcc/avr/4.3.2/avr51\libgcc.a(_exit.o)
 *(.fini0)
                0x00000986                _etext = .

.data           0x00800200        0x2 load address 0x00000986
                0x00800200                PROVIDE (__data_start, .)
 *(.data)
 .data          0x00800200        0x0 c:/atmel/winavr/bin/../lib/gcc/avr/4.3.2/../../../../avr/lib/avr51/crtm1281.o
 .data          0x00800200        0x0 ./arduino/WInterrupts.o
 .data          0x00800200        0x0 ./arduino/main.o
 .data          0x00800200        0x0 ./arduino/pins_arduino.o
 .data          0x00800200        0x0 ./arduino/wiring.o
 .data          0x00800200        0x1 ./arduino/wiring_analog.o
                0x00800200                analog_reference
 .data          0x00800201        0x0 ./arduino/wiring_digital.o
 .data          0x00800201        0x0 ./arduino/wiring_pulse.o
 .data          0x00800201        0x0 ./arduino/wiring_shift.o
 .data          0x00800201        0x0 c:/atmel/winavr/bin/../lib/gcc/avr/4.3.2/avr51\libgcc.a(_mulsi3.o)
 .data          0x00800201        0x0 c:/atmel/winavr/bin/../lib/gcc/avr/4.3.2/avr51\libgcc.a(_exit.o)
 .data          0x00800201        0x0 c:/atmel/winavr/bin/../lib/gcc/avr/4.3.2/avr51\libgcc.a(_clear_bss.o)
 *(.data*)
 *(.rodata)
 *(.rodata*)
 *(.gnu.linkonce.d*)
                0x00800202                . = ALIGN (0x2)
 *fill*         0x00800201        0x1 00
                0x00800202                _edata = .
                0x00800202                PROVIDE (__data_end, .)

.bss            0x00800202        0xd
                0x00800202                PROVIDE (__bss_start, .)
 *(.bss)
 .bss           0x00800202        0x0 c:/atmel/winavr/bin/../lib/gcc/avr/4.3.2/../../../../avr/lib/avr51/crtm1281.o
 .bss           0x00800202        0x4 ./arduino/WInterrupts.o
 .bss           0x00800206        0x0 ./arduino/main.o
 .bss           0x00800206        0x0 ./arduino/pins_arduino.o
 .bss           0x00800206        0x9 ./arduino/wiring.o
                0x00800206                timer0_overflow_count
                0x0080020a                timer0_millis
 .bss           0x0080020f        0x0 ./arduino/wiring_analog.o
 .bss           0x0080020f        0x0 ./arduino/wiring_digital.o
 .bss           0x0080020f        0x0 ./arduino/wiring_pulse.o
 .bss           0x0080020f        0x0 ./arduino/wiring_shift.o
 .bss           0x0080020f        0x0 c:/atmel/winavr/bin/../lib/gcc/avr/4.3.2/avr51\libgcc.a(_mulsi3.o)
 .bss           0x0080020f        0x0 c:/atmel/winavr/bin/../lib/gcc/avr/4.3.2/avr51\libgcc.a(_exit.o)
 .bss           0x0080020f        0x0 c:/atmel/winavr/bin/../lib/gcc/avr/4.3.2/avr51\libgcc.a(_clear_bss.o)
 *(.bss*)
 *(COMMON)
                0x0080020f                PROVIDE (__bss_end, .)
                0x00000986                __data_load_start = LOADADDR (.data)
                0x00000988                __data_load_end = (__data_load_start + SIZEOF (.data))

.noinit         0x0080020f        0x0
                0x0080020f                PROVIDE (__noinit_start, .)
 *(.noinit*)
                0x0080020f                PROVIDE (__noinit_end, .)
                0x0080020f                _end = .
                0x0080020f                PROVIDE (__heap_start, .)

.eeprom         0x00810000        0x0
 *(.eeprom*)
                0x00810000                __eeprom_end = .

.fuse
 *(.fuse)
 *(.lfuse)
 *(.hfuse)
 *(.efuse)

.lock
 *(.lock*)

.signature
 *(.signature*)

.stab
 *(.stab)

.stabstr
 *(.stabstr)

.stab.excl
 *(.stab.excl)

.stab.exclstr
 *(.stab.exclstr)

.stab.index
 *(.stab.index)

.stab.indexstr
 *(.stab.indexstr)

.comment
 *(.comment)

.debug
 *(.debug)

.line
 *(.line)

.debug_srcinfo
 *(.debug_srcinfo)

.debug_sfnames
 *(.debug_sfnames)

.debug_aranges
 *(.debug_aranges)

.debug_pubnames
 *(.debug_pubnames)

.debug_info
 *(.debug_info)
 *(.gnu.linkonce.wi.*)

.debug_abbrev
 *(.debug_abbrev)

.debug_line
 *(.debug_line)

.debug_frame
 *(.debug_frame)

.debug_str
 *(.debug_str)

.debug_loc
 *(.debug_loc)

.debug_macinfo
 *(.debug_macinfo)
OUTPUT(1281_boot.elf elf32-avr)
LOAD linker stubs
